toplam 101 sembol bulundu

=== [1/101] ADAUSD ===
  ifvg      : 2 kazanan + 2 kaybeden + 1 breakeven ornegi secildi (toplam 2225 islemden)
  ob        : 2 kazanan + 2 kaybeden + 1 breakeven ornegi secildi (toplam 4218 islemden)
  fvg       : 2 kazanan + 2 kaybeden + 1 breakeven ornegi secildi (toplam 1384 islemden)
  trendline : 2 kazanan + 2 kaybeden + 0 breakeven ornegi secildi (toplam 438 islemden)

=== [2/101] ATOMUSD ===
  ob        : 2 kazanan + 2 kaybeden + 1 breakeven ornegi secildi (toplam 3654 islemden)
  ifvg      : 2 kazanan + 2 kaybeden + 1 breakeven ornegi secildi (toplam 2257 islemden)
  trendline : 2 kazanan + 2 kaybeden + 0 breakeven ornegi secildi (toplam 262 islemden)
  fvg       : 2 kazanan + 2 kaybeden + 1 breakeven ornegi secildi (toplam 792 islemden)

=== [3/101] AUDCAD ===
  ifvg      : 2 kazanan + 2 kaybeden + 1 breakeven ornegi secildi (toplam 4673 islemden)
  ob        : 2 kazanan + 2 kaybeden + 1 breakeven ornegi secildi (toplam 8943 islemden)
  fvg       : 2 kazanan + 2 kaybeden + 1 breakeven ornegi secildi (toplam 2492 islemden)
  trendline : 2 kazanan + 2 kaybeden + 0 breakeven ornegi secildi (toplam 1025 islemden)

=== [4/101] AUDCHF ===
  ob        : 2 kazanan + 2 kaybeden + 1 breakeven ornegi secildi (toplam 9609 islemden)
  fvg       : 2 kazanan + 2 kaybeden + 1 breakeven ornegi secildi (toplam 2997 islemden)
  ifvg      : 2 kazanan + 2 kaybeden + 1 breakeven ornegi secildi (toplam 5220 islemden)
  trendline : 2 kazanan + 2 kaybeden + 0 breakeven ornegi secildi (toplam 849 islemden)

=== [5/101] AUDJPY ===
  ob        : 2 kazanan + 2 kaybeden + 1 breakeven ornegi secildi (toplam 10566 islemden)
  ifvg      : 2 kazanan + 2 kaybeden + 1 breakeven ornegi secildi (toplam 5572 islemden)
  fvg       : 2 kazanan + 2 kaybeden + 1 breakeven ornegi secildi (toplam 2827 islemden)
  trendline : 2 kazanan + 2 kaybeden + 0 breakeven ornegi secildi (toplam 905 islemden)

=== [6/101] AUDNZD ===
  ob        : 2 kazanan + 2 kaybeden + 1 breakeven ornegi secildi (toplam 8839 islemden)
  fvg       : 2 kazanan + 2 kaybeden + 1 breakeven ornegi secildi (toplam 1689 islemden)
  ifvg      : 2 kazanan + 2 kaybeden + 1 breakeven ornegi secildi (toplam 4292 islemden)
  trendline : 2 kazanan + 2 kaybeden + 0 breakeven ornegi secildi (toplam 1145 islemden)

=== [7/101] AUDUSD ===
  fvg       : 2 kazanan + 2 kaybeden + 1 breakeven ornegi secildi (toplam 3250 islemden)
  ob        : 2 kazanan + 2 kaybeden + 1 breakeven ornegi secildi (toplam 10557 islemden)
  ifvg      : 2 kazanan + 2 kaybeden + 1 breakeven ornegi secildi (toplam 5993 islemden)
  trendline : 2 kazanan + 2 kaybeden + 0 breakeven ornegi secildi (toplam 545 islemden)

=== [8/101] AUS200 ===
  ifvg      : 2 kazanan + 2 kaybeden + 1 breakeven ornegi secildi (toplam 2543 islemden)
  fvg       : 2 kazanan + 2 kaybeden + 1 breakeven ornegi secildi (toplam 1264 islemden)
  ob        : 2 kazanan + 2 kaybeden + 1 breakeven ornegi secildi (toplam 3377 islemden)
  trendline : 2 kazanan + 2 kaybeden + 0 breakeven ornegi secildi (toplam 276 islemden)

=== [9/101] AVAXUSD ===
  ob        : 2 kazanan + 2 kaybeden + 1 breakeven ornegi secildi (toplam 3511 islemden)
  fvg       : 2 kazanan + 2 kaybeden + 1 breakeven ornegi secildi (toplam 1348 islemden)
  ifvg      : 2 kazanan + 2 kaybeden + 1 breakeven ornegi secildi (toplam 2118 islemden)
  trendline : 2 kazanan + 2 kaybeden + 0 breakeven ornegi secildi (toplam 389 islemden)

=== [10/101] BCHUSD ===
  ob        : 2 kazanan + 2 kaybeden + 1 breakeven ornegi secildi (toplam 7696 islemden)
  fvg       : 2 kazanan + 2 kaybeden + 1 breakeven ornegi secildi (toplam 1738 islemden)
  ifvg      : 2 kazanan + 2 kaybeden + 1 breakeven ornegi secildi (toplam 3154 islemden)
  trendline : 2 kazanan + 2 kaybeden + 0 breakeven ornegi secildi (toplam 594 islemden)

=== [11/101] BRENT ===
  ob        : 2 kazanan + 2 kaybeden + 1 breakeven ornegi secildi (toplam 5010 islemden)
  fvg       : 2 kazanan + 2 kaybeden + 1 breakeven ornegi secildi (toplam 1447 islemden)
  ifvg      : 2 kazanan + 2 kaybeden + 1 breakeven ornegi secildi (toplam 2750 islemden)
  trendline : 2 kazanan + 2 kaybeden + 0 breakeven ornegi secildi (toplam 396 islemden)

=== [12/101] BTCUSD ===
  ifvg      : 4 kazanan + 4 kaybeden + 3 breakeven ornegi secildi (toplam 2962 islemden)
  ob        : 4 kazanan + 4 kaybeden + 3 breakeven ornegi secildi (toplam 8785 islemden)
  fvg       : 4 kazanan + 4 kaybeden + 3 breakeven ornegi secildi (toplam 1468 islemden)
  trendline : 4 kazanan + 4 kaybeden + 0 breakeven ornegi secildi (toplam 417 islemden)

=== [13/101] CA60 ===
  ob        : 2 kazanan + 2 kaybeden + 1 breakeven ornegi secildi (toplam 1730 islemden)
  fvg       : 2 kazanan + 2 kaybeden + 1 breakeven ornegi secildi (toplam 464 islemden)
  trendline : 2 kazanan + 2 kaybeden + 0 breakeven ornegi secildi (toplam 55 islemden)
  ifvg      : 2 kazanan + 2 kaybeden + 1 breakeven ornegi secildi (toplam 930 islemden)

=== [14/101] CADCHF ===
  ob        : 2 kazanan + 2 kaybeden + 1 breakeven ornegi secildi (toplam 13378 islemden)
  fvg       : 2 kazanan + 2 kaybeden + 1 breakeven ornegi secildi (toplam 3478 islemden)
  ifvg      : 2 kazanan + 2 kaybeden + 1 breakeven ornegi secildi (toplam 4863 islemden)
  trendline : 2 kazanan + 2 kaybeden + 0 breakeven ornegi secildi (toplam 670 islemden)

=== [15/101] CADJPY ===
  ob        : 2 kazanan + 2 kaybeden + 1 breakeven ornegi secildi (toplam 11110 islemden)
  fvg       : 2 kazanan + 2 kaybeden + 1 breakeven ornegi secildi (toplam 3312 islemden)
  ifvg      : 2 kazanan + 2 kaybeden + 1 breakeven ornegi secildi (toplam 5583 islemden)
  trendline : 2 kazanan + 2 kaybeden + 0 breakeven ornegi secildi (toplam 833 islemden)

=== [16/101] CHFJPY ===
  ob        : 2 kazanan + 2 kaybeden + 1 breakeven ornegi secildi (toplam 11524 islemden)
  fvg       : 2 kazanan + 2 kaybeden + 1 breakeven ornegi secildi (toplam 2906 islemden)
  ifvg      : 2 kazanan + 2 kaybeden + 1 breakeven ornegi secildi (toplam 4890 islemden)
  trendline : 2 kazanan + 2 kaybeden + 0 breakeven ornegi secildi (toplam 557 islemden)

=== [17/101] CHFSGD ===
  ob        : 2 kazanan + 2 kaybeden + 1 breakeven ornegi secildi (toplam 7953 islemden)
  fvg       : 2 kazanan + 2 kaybeden + 1 breakeven ornegi secildi (toplam 1311 islemden)
  ifvg      : 2 kazanan + 2 kaybeden + 1 breakeven ornegi secildi (toplam 3068 islemden)
  trendline : 2 kazanan + 2 kaybeden + 0 breakeven ornegi secildi (toplam 763 islemden)

=== [18/101] CHINAH ===
  ifvg      : 2 kazanan + 2 kaybeden + 1 breakeven ornegi secildi (toplam 1621 islemden)
  ob        : 2 kazanan + 2 kaybeden + 1 breakeven ornegi secildi (toplam 4293 islemden)
  fvg       : 2 kazanan + 2 kaybeden + 1 breakeven ornegi secildi (toplam 954 islemden)
  trendline : 2 kazanan + 2 kaybeden + 0 breakeven ornegi secildi (toplam 237 islemden)

=== [19/101] CHN50 ===
  ifvg      : 2 kazanan + 2 kaybeden + 1 breakeven ornegi secildi (toplam 2434 islemden)
  ob        : 2 kazanan + 2 kaybeden + 1 breakeven ornegi secildi (toplam 8728 islemden)
  fvg       : 2 kazanan + 2 kaybeden + 1 breakeven ornegi secildi (toplam 1602 islemden)
  trendline : 2 kazanan + 2 kaybeden + 0 breakeven ornegi secildi (toplam 239 islemden)

=== [20/101] DOGEUSD ===
  ob        : 2 kazanan + 2 kaybeden + 1 breakeven ornegi secildi (toplam 5346 islemden)
  ifvg      : 2 kazanan + 2 kaybeden + 1 breakeven ornegi secildi (toplam 2214 islemden)
  trendline : 2 kazanan + 2 kaybeden + 0 breakeven ornegi secildi (toplam 368 islemden)
  fvg       : 2 kazanan + 2 kaybeden + 1 breakeven ornegi secildi (toplam 865 islemden)

=== [21/101] DOTUSD ===
  ifvg      : 2 kazanan + 2 kaybeden + 1 breakeven ornegi secildi (toplam 2514 islemden)
  ob        : 2 kazanan + 2 kaybeden + 1 breakeven ornegi secildi (toplam 4236 islemden)
  trendline : 2 kazanan + 2 kaybeden + 0 breakeven ornegi secildi (toplam 440 islemden)
  fvg       : 2 kazanan + 2 kaybeden + 1 breakeven ornegi secildi (toplam 809 islemden)

=== [22/101] ETCUSD ===
  trendline : 2 kazanan + 2 kaybeden + 0 breakeven ornegi secildi (toplam 854 islemden)
  ob        : 2 kazanan + 2 kaybeden + 1 breakeven ornegi secildi (toplam 7270 islemden)
  ifvg      : 2 kazanan + 2 kaybeden + 1 breakeven ornegi secildi (toplam 3374 islemden)
  fvg       : 2 kazanan + 2 kaybeden + 1 breakeven ornegi secildi (toplam 853 islemden)

=== [23/101] ETHUSD ===
  ob        : 2 kazanan + 2 kaybeden + 1 breakeven ornegi secildi (toplam 8766 islemden)
  ifvg      : 2 kazanan + 2 kaybeden + 1 breakeven ornegi secildi (toplam 3373 islemden)
  fvg       : 2 kazanan + 2 kaybeden + 1 breakeven ornegi secildi (toplam 1587 islemden)
  trendline : 2 kazanan + 2 kaybeden + 0 breakeven ornegi secildi (toplam 290 islemden)

=== [24/101] EU50 ===
  ob        : 2 kazanan + 2 kaybeden + 1 breakeven ornegi secildi (toplam 2311 islemden)
  fvg       : 2 kazanan + 2 kaybeden + 1 breakeven ornegi secildi (toplam 787 islemden)
  ifvg      : 2 kazanan + 2 kaybeden + 1 breakeven ornegi secildi (toplam 1620 islemden)
  trendline : 2 kazanan + 2 kaybeden + 0 breakeven ornegi secildi (toplam 220 islemden)

=== [25/101] EURAUD ===
  ob        : 2 kazanan + 2 kaybeden + 1 breakeven ornegi secildi (toplam 9830 islemden)
  fvg       : 2 kazanan + 2 kaybeden + 1 breakeven ornegi secildi (toplam 2891 islemden)
  ifvg      : 2 kazanan + 2 kaybeden + 1 breakeven ornegi secildi (toplam 5149 islemden)
  trendline : 2 kazanan + 2 kaybeden + 0 breakeven ornegi secildi (toplam 803 islemden)

=== [26/101] EURCAD ===
  ob        : 2 kazanan + 2 kaybeden + 1 breakeven ornegi secildi (toplam 13504 islemden)
  fvg       : 2 kazanan + 2 kaybeden + 1 breakeven ornegi secildi (toplam 3310 islemden)
  ifvg      : 2 kazanan + 2 kaybeden + 1 breakeven ornegi secildi (toplam 4862 islemden)
  trendline : 2 kazanan + 2 kaybeden + 0 breakeven ornegi secildi (toplam 796 islemden)

=== [27/101] EURCHF ===
  ob        : 2 kazanan + 2 kaybeden + 1 breakeven ornegi secildi (toplam 14630 islemden)
  fvg       : 2 kazanan + 2 kaybeden + 1 breakeven ornegi secildi (toplam 2479 islemden)
  ifvg      : 2 kazanan + 2 kaybeden + 1 breakeven ornegi secildi (toplam 4160 islemden)
  trendline : 2 kazanan + 2 kaybeden + 0 breakeven ornegi secildi (toplam 875 islemden)

=== [28/101] EURDKK ===
  ob        : 2 kazanan + 2 kaybeden + 1 breakeven ornegi secildi (toplam 3510 islemden)
  trendline : 2 kazanan + 2 kaybeden + 0 breakeven ornegi secildi (toplam 281 islemden)
  ifvg      : 2 kazanan + 2 kaybeden + 1 breakeven ornegi secildi (toplam 774 islemden)
  fvg       : 2 kazanan + 2 kaybeden + 1 breakeven ornegi secildi (toplam 355 islemden)

=== [29/101] EURGBP ===
  ob        : 4 kazanan + 4 kaybeden + 3 breakeven ornegi secildi (toplam 16475 islemden)
  fvg       : 4 kazanan + 4 kaybeden + 3 breakeven ornegi secildi (toplam 3441 islemden)
  ifvg      : 4 kazanan + 4 kaybeden + 3 breakeven ornegi secildi (toplam 4717 islemden)
  trendline : 4 kazanan + 4 kaybeden + 0 breakeven ornegi secildi (toplam 694 islemden)

=== [30/101] EURHKD ===
  ob        : 2 kazanan + 2 kaybeden + 1 breakeven ornegi secildi (toplam 13365 islemden)
  fvg       : 2 kazanan + 2 kaybeden + 1 breakeven ornegi secildi (toplam 3791 islemden)
  ifvg      : 2 kazanan + 2 kaybeden + 1 breakeven ornegi secildi (toplam 5237 islemden)
  trendline : 2 kazanan + 2 kaybeden + 0 breakeven ornegi secildi (toplam 657 islemden)

=== [31/101] EURHUF ===
  ob        : 2 kazanan + 2 kaybeden + 1 breakeven ornegi secildi (toplam 12109 islemden)
  ifvg      : 2 kazanan + 2 kaybeden + 1 breakeven ornegi secildi (toplam 3267 islemden)
  fvg       : 2 kazanan + 2 kaybeden + 1 breakeven ornegi secildi (toplam 1736 islemden)
  trendline : 2 kazanan + 2 kaybeden + 0 breakeven ornegi secildi (toplam 576 islemden)

=== [32/101] EURJPY ===
  ob        : 2 kazanan + 2 kaybeden + 1 breakeven ornegi secildi (toplam 12236 islemden)
  fvg       : 2 kazanan + 2 kaybeden + 1 breakeven ornegi secildi (toplam 3084 islemden)
  ifvg      : 2 kazanan + 2 kaybeden + 1 breakeven ornegi secildi (toplam 5509 islemden)
  trendline : 2 kazanan + 2 kaybeden + 0 breakeven ornegi secildi (toplam 783 islemden)

=== [33/101] EURNOK ===
  ob        : 1 kazanan + 2 kaybeden + 0 breakeven ornegi secildi (toplam 13 islemden)
  ifvg      : 2 kazanan + 2 kaybeden + 0 breakeven ornegi secildi (toplam 5 islemden)
  fvg       : 0 kazanan + 0 kaybeden + 1 breakeven ornegi secildi (toplam 1 islemden)
  trendline : 2 kazanan + 0 kaybeden + 0 breakeven ornegi secildi (toplam 3 islemden)

=== [34/101] EURNZD ===
  ob        : 2 kazanan + 2 kaybeden + 1 breakeven ornegi secildi (toplam 9322 islemden)
  fvg       : 2 kazanan + 2 kaybeden + 1 breakeven ornegi secildi (toplam 2801 islemden)
  ifvg      : 2 kazanan + 2 kaybeden + 1 breakeven ornegi secildi (toplam 5131 islemden)
  trendline : 2 kazanan + 2 kaybeden + 0 breakeven ornegi secildi (toplam 931 islemden)

=== [35/101] EURPLN ===
  ob        : 2 kazanan + 2 kaybeden + 1 breakeven ornegi secildi (toplam 10622 islemden)
  ifvg      : 2 kazanan + 2 kaybeden + 1 breakeven ornegi secildi (toplam 3220 islemden)
  trendline : 2 kazanan + 2 kaybeden + 0 breakeven ornegi secildi (toplam 666 islemden)
  fvg       : 2 kazanan + 2 kaybeden + 1 breakeven ornegi secildi (toplam 1681 islemden)

=== [36/101] EURSEK ===
  ob        : 2 kazanan + 2 kaybeden + 1 breakeven ornegi secildi (toplam 14216 islemden)
  ifvg      : 2 kazanan + 2 kaybeden + 1 breakeven ornegi secildi (toplam 3721 islemden)
  fvg       : 2 kazanan + 2 kaybeden + 1 breakeven ornegi secildi (toplam 1920 islemden)
  trendline : 2 kazanan + 2 kaybeden + 0 breakeven ornegi secildi (toplam 766 islemden)

=== [37/101] EURSGD ===
  ob        : 2 kazanan + 2 kaybeden + 1 breakeven ornegi secildi (toplam 7736 islemden)
  fvg       : 2 kazanan + 2 kaybeden + 1 breakeven ornegi secildi (toplam 1937 islemden)
  ifvg      : 2 kazanan + 2 kaybeden + 1 breakeven ornegi secildi (toplam 2883 islemden)
  trendline : 2 kazanan + 2 kaybeden + 0 breakeven ornegi secildi (toplam 644 islemden)

=== [38/101] EURTRY ===
  ob        : 2 kazanan + 2 kaybeden + 1 breakeven ornegi secildi (toplam 13019 islemden)
  fvg       : 2 kazanan + 2 kaybeden + 1 breakeven ornegi secildi (toplam 2556 islemden)
  ifvg      : 2 kazanan + 2 kaybeden + 1 breakeven ornegi secildi (toplam 3656 islemden)
  trendline : 2 kazanan + 2 kaybeden + 0 breakeven ornegi secildi (toplam 361 islemden)

=== [39/101] EURUSD ===
  ob        : 2 kazanan + 2 kaybeden + 1 breakeven ornegi secildi (toplam 14615 islemden)
  fvg       : 2 kazanan + 2 kaybeden + 1 breakeven ornegi secildi (toplam 4049 islemden)
  ifvg      : 2 kazanan + 2 kaybeden + 1 breakeven ornegi secildi (toplam 5671 islemden)
  trendline : 2 kazanan + 2 kaybeden + 0 breakeven ornegi secildi (toplam 753 islemden)

=== [40/101] EURZAR ===
  ifvg      : 2 kazanan + 2 kaybeden + 1 breakeven ornegi secildi (toplam 3617 islemden)
  ob        : 2 kazanan + 2 kaybeden + 1 breakeven ornegi secildi (toplam 11363 islemden)
  fvg       : 2 kazanan + 2 kaybeden + 1 breakeven ornegi secildi (toplam 2348 islemden)
  trendline : 2 kazanan + 2 kaybeden + 0 breakeven ornegi secildi (toplam 619 islemden)

=== [41/101] FRA40 ===
  ifvg      : 2 kazanan + 2 kaybeden + 1 breakeven ornegi secildi (toplam 2241 islemden)
  ob        : 2 kazanan + 2 kaybeden + 1 breakeven ornegi secildi (toplam 3388 islemden)
  fvg       : 2 kazanan + 2 kaybeden + 1 breakeven ornegi secildi (toplam 1207 islemden)
  trendline : 2 kazanan + 2 kaybeden + 0 breakeven ornegi secildi (toplam 224 islemden)

=== [42/101] GBPAUD ===
  ob        : 2 kazanan + 2 kaybeden + 1 breakeven ornegi secildi (toplam 10075 islemden)
  fvg       : 2 kazanan + 2 kaybeden + 1 breakeven ornegi secildi (toplam 2785 islemden)
  ifvg      : 2 kazanan + 2 kaybeden + 1 breakeven ornegi secildi (toplam 4899 islemden)
  trendline : 2 kazanan + 2 kaybeden + 0 breakeven ornegi secildi (toplam 941 islemden)

=== [43/101] GBPCAD ===
  ob        : 2 kazanan + 2 kaybeden + 1 breakeven ornegi secildi (toplam 14858 islemden)
  fvg       : 2 kazanan + 2 kaybeden + 1 breakeven ornegi secildi (toplam 3203 islemden)
  ifvg      : 2 kazanan + 2 kaybeden + 1 breakeven ornegi secildi (toplam 4642 islemden)
  trendline : 2 kazanan + 2 kaybeden + 0 breakeven ornegi secildi (toplam 715 islemden)

=== [44/101] GBPCHF ===
  ob        : 2 kazanan + 2 kaybeden + 1 breakeven ornegi secildi (toplam 16027 islemden)
  ifvg      : 2 kazanan + 2 kaybeden + 1 breakeven ornegi secildi (toplam 4547 islemden)
  fvg       : 2 kazanan + 2 kaybeden + 1 breakeven ornegi secildi (toplam 3106 islemden)
  trendline : 2 kazanan + 2 kaybeden + 0 breakeven ornegi secildi (toplam 814 islemden)

=== [45/101] GBPDKK ===
  ob        : 2 kazanan + 2 kaybeden + 1 breakeven ornegi secildi (toplam 11531 islemden)
  fvg       : 2 kazanan + 2 kaybeden + 1 breakeven ornegi secildi (toplam 2039 islemden)
  ifvg      : 2 kazanan + 2 kaybeden + 1 breakeven ornegi secildi (toplam 3130 islemden)
  trendline : 2 kazanan + 2 kaybeden + 0 breakeven ornegi secildi (toplam 705 islemden)

=== [46/101] GBPJPY ===
  ob        : 2 kazanan + 2 kaybeden + 1 breakeven ornegi secildi (toplam 12105 islemden)
  fvg       : 2 kazanan + 2 kaybeden + 1 breakeven ornegi secildi (toplam 3244 islemden)
  ifvg      : 2 kazanan + 2 kaybeden + 1 breakeven ornegi secildi (toplam 5462 islemden)
  trendline : 2 kazanan + 2 kaybeden + 0 breakeven ornegi secildi (toplam 938 islemden)

=== [47/101] GBPNOK ===
  ifvg      : 2 kazanan + 2 kaybeden + 1 breakeven ornegi secildi (toplam 2858 islemden)
  ob        : 2 kazanan + 2 kaybeden + 1 breakeven ornegi secildi (toplam 12146 islemden)
  fvg       : 2 kazanan + 2 kaybeden + 1 breakeven ornegi secildi (toplam 1652 islemden)
  trendline : 2 kazanan + 2 kaybeden + 0 breakeven ornegi secildi (toplam 662 islemden)

=== [48/101] GBPNZD ===
  ob        : 2 kazanan + 2 kaybeden + 1 breakeven ornegi secildi (toplam 9257 islemden)
  ifvg      : 2 kazanan + 2 kaybeden + 1 breakeven ornegi secildi (toplam 4699 islemden)
  fvg       : 2 kazanan + 2 kaybeden + 1 breakeven ornegi secildi (toplam 2843 islemden)
  trendline : 2 kazanan + 2 kaybeden + 0 breakeven ornegi secildi (toplam 728 islemden)

=== [49/101] GBPSEK ===
  ob        : 2 kazanan + 2 kaybeden + 1 breakeven ornegi secildi (toplam 12096 islemden)
  fvg       : 2 kazanan + 2 kaybeden + 1 breakeven ornegi secildi (toplam 1666 islemden)
  ifvg      : 2 kazanan + 2 kaybeden + 1 breakeven ornegi secildi (toplam 2991 islemden)
  trendline : 2 kazanan + 2 kaybeden + 0 breakeven ornegi secildi (toplam 628 islemden)

=== [50/101] GBPSGD ===
  ob        : 2 kazanan + 2 kaybeden + 1 breakeven ornegi secildi (toplam 9556 islemden)
  fvg       : 2 kazanan + 2 kaybeden + 1 breakeven ornegi secildi (toplam 1846 islemden)
  ifvg      : 2 kazanan + 2 kaybeden + 1 breakeven ornegi secildi (toplam 3378 islemden)
  trendline : 2 kazanan + 2 kaybeden + 0 breakeven ornegi secildi (toplam 824 islemden)

=== [51/101] GBPUSD ===
  ob        : 2 kazanan + 2 kaybeden + 1 breakeven ornegi secildi (toplam 15529 islemden)
  fvg       : 2 kazanan + 2 kaybeden + 1 breakeven ornegi secildi (toplam 3616 islemden)
  ifvg      : 2 kazanan + 2 kaybeden + 1 breakeven ornegi secildi (toplam 5721 islemden)
  trendline : 2 kazanan + 2 kaybeden + 0 breakeven ornegi secildi (toplam 709 islemden)

=== [52/101] GER40 ===
  ob        : 2 kazanan + 2 kaybeden + 1 breakeven ornegi secildi (toplam 6330 islemden)
  fvg       : 2 kazanan + 2 kaybeden + 1 breakeven ornegi secildi (toplam 2019 islemden)
  ifvg      : 2 kazanan + 2 kaybeden + 1 breakeven ornegi secildi (toplam 3069 islemden)
  trendline : 2 kazanan + 2 kaybeden + 0 breakeven ornegi secildi (toplam 313 islemden)

=== [53/101] GERMID50 ===
  ob        : 2 kazanan + 2 kaybeden + 1 breakeven ornegi secildi (toplam 1124 islemden)
  ifvg      : 2 kazanan + 2 kaybeden + 1 breakeven ornegi secildi (toplam 675 islemden)
  fvg       : 2 kazanan + 2 kaybeden + 1 breakeven ornegi secildi (toplam 287 islemden)
  trendline : 2 kazanan + 2 kaybeden + 0 breakeven ornegi secildi (toplam 38 islemden)

=== [54/101] GERTECH30 ===
  ob        : 2 kazanan + 2 kaybeden + 1 breakeven ornegi secildi (toplam 574 islemden)
  ifvg      : 2 kazanan + 2 kaybeden + 1 breakeven ornegi secildi (toplam 345 islemden)
  fvg       : 2 kazanan + 2 kaybeden + 1 breakeven ornegi secildi (toplam 137 islemden)
  trendline : 2 kazanan + 2 kaybeden + 0 breakeven ornegi secildi (toplam 17 islemden)

=== [55/101] GOLD ===
  ob        : 4 kazanan + 4 kaybeden + 3 breakeven ornegi secildi (toplam 9529 islemden)
  ifvg      : 4 kazanan + 4 kaybeden + 3 breakeven ornegi secildi (toplam 3738 islemden)
  fvg       : 4 kazanan + 4 kaybeden + 3 breakeven ornegi secildi (toplam 2746 islemden)
  trendline : 4 kazanan + 4 kaybeden + 0 breakeven ornegi secildi (toplam 576 islemden)

=== [56/101] HK50 ===
  ob        : 2 kazanan + 2 kaybeden + 1 breakeven ornegi secildi (toplam 6285 islemden)
  fvg       : 2 kazanan + 2 kaybeden + 1 breakeven ornegi secildi (toplam 1283 islemden)
  ifvg      : 2 kazanan + 2 kaybeden + 1 breakeven ornegi secildi (toplam 2303 islemden)
  trendline : 2 kazanan + 2 kaybeden + 0 breakeven ornegi secildi (toplam 230 islemden)

=== [57/101] IT40 ===
  fvg       : 2 kazanan + 2 kaybeden + 1 breakeven ornegi secildi (toplam 685 islemden)
  ob        : 2 kazanan + 2 kaybeden + 1 breakeven ornegi secildi (toplam 2138 islemden)
  ifvg      : 2 kazanan + 2 kaybeden + 1 breakeven ornegi secildi (toplam 1459 islemden)
  trendline : 2 kazanan + 2 kaybeden + 0 breakeven ornegi secildi (toplam 149 islemden)

=== [58/101] JP225 ===
  ob        : 2 kazanan + 2 kaybeden + 1 breakeven ornegi secildi (toplam 4559 islemden)
  ifvg      : 2 kazanan + 2 kaybeden + 1 breakeven ornegi secildi (toplam 2630 islemden)
  fvg       : 2 kazanan + 2 kaybeden + 1 breakeven ornegi secildi (toplam 1364 islemden)
  trendline : 2 kazanan + 2 kaybeden + 0 breakeven ornegi secildi (toplam 444 islemden)

=== [59/101] LINKUSD ===
  ifvg      : 2 kazanan + 2 kaybeden + 1 breakeven ornegi secildi (toplam 2312 islemden)
  ob        : 2 kazanan + 2 kaybeden + 1 breakeven ornegi secildi (toplam 3755 islemden)
  fvg       : 2 kazanan + 2 kaybeden + 1 breakeven ornegi secildi (toplam 1271 islemden)
  trendline : 2 kazanan + 2 kaybeden + 0 breakeven ornegi secildi (toplam 488 islemden)

=== [60/101] LTCUSD ===
  ifvg      : 2 kazanan + 2 kaybeden + 1 breakeven ornegi secildi (toplam 3594 islemden)
  ob        : 2 kazanan + 2 kaybeden + 1 breakeven ornegi secildi (toplam 7801 islemden)
  fvg       : 2 kazanan + 2 kaybeden + 1 breakeven ornegi secildi (toplam 1954 islemden)
  trendline : 2 kazanan + 2 kaybeden + 0 breakeven ornegi secildi (toplam 638 islemden)

=== [61/101] MATICUSD ===
  ifvg      : 2 kazanan + 2 kaybeden + 1 breakeven ornegi secildi (toplam 2452 islemden)
  ob        : 2 kazanan + 2 kaybeden + 1 breakeven ornegi secildi (toplam 4263 islemden)
  fvg       : 2 kazanan + 2 kaybeden + 1 breakeven ornegi secildi (toplam 1380 islemden)
  trendline : 2 kazanan + 2 kaybeden + 0 breakeven ornegi secildi (toplam 414 islemden)

=== [62/101] NASDAQ ===
  fvg       : 2 kazanan + 2 kaybeden + 1 breakeven ornegi secildi (toplam 242 islemden)
  ob        : 2 kazanan + 2 kaybeden + 1 breakeven ornegi secildi (toplam 826 islemden)
  ifvg      : 2 kazanan + 2 kaybeden + 1 breakeven ornegi secildi (toplam 627 islemden)
  trendline : 2 kazanan + 2 kaybeden + 0 breakeven ornegi secildi (toplam 60 islemden)

=== [63/101] NETH25 ===
  ifvg      : 2 kazanan + 2 kaybeden + 1 breakeven ornegi secildi (toplam 2172 islemden)
  ob        : 2 kazanan + 2 kaybeden + 1 breakeven ornegi secildi (toplam 3037 islemden)
  fvg       : 2 kazanan + 2 kaybeden + 1 breakeven ornegi secildi (toplam 1207 islemden)
  trendline : 2 kazanan + 2 kaybeden + 0 breakeven ornegi secildi (toplam 237 islemden)

=== [64/101] NZDCAD ===
  ob        : 2 kazanan + 2 kaybeden + 1 breakeven ornegi secildi (toplam 8949 islemden)
  ifvg      : 2 kazanan + 2 kaybeden + 1 breakeven ornegi secildi (toplam 5075 islemden)
  trendline : 2 kazanan + 2 kaybeden + 0 breakeven ornegi secildi (toplam 1010 islemden)
  fvg       : 2 kazanan + 2 kaybeden + 1 breakeven ornegi secildi (toplam 2730 islemden)

=== [65/101] NZDCHF ===
  ob        : 2 kazanan + 2 kaybeden + 1 breakeven ornegi secildi (toplam 9536 islemden)
  ifvg      : 2 kazanan + 2 kaybeden + 1 breakeven ornegi secildi (toplam 5092 islemden)
  trendline : 2 kazanan + 2 kaybeden + 0 breakeven ornegi secildi (toplam 1049 islemden)
  fvg       : 2 kazanan + 2 kaybeden + 1 breakeven ornegi secildi (toplam 2922 islemden)

=== [66/101] NZDJPY ===
  ob        : 2 kazanan + 2 kaybeden + 1 breakeven ornegi secildi (toplam 9837 islemden)
  ifvg      : 2 kazanan + 2 kaybeden + 1 breakeven ornegi secildi (toplam 5506 islemden)
  fvg       : 2 kazanan + 2 kaybeden + 1 breakeven ornegi secildi (toplam 2741 islemden)
  trendline : 2 kazanan + 2 kaybeden + 0 breakeven ornegi secildi (toplam 987 islemden)

=== [67/101] NZDSGD ===
  ob        : 2 kazanan + 2 kaybeden + 1 breakeven ornegi secildi (toplam 7539 islemden)
  fvg       : 2 kazanan + 2 kaybeden + 1 breakeven ornegi secildi (toplam 1933 islemden)
  ifvg      : 2 kazanan + 2 kaybeden + 1 breakeven ornegi secildi (toplam 4338 islemden)
  trendline : 2 kazanan + 2 kaybeden + 0 breakeven ornegi secildi (toplam 906 islemden)

=== [68/101] NZDUSD ===
  ob        : 2 kazanan + 2 kaybeden + 1 breakeven ornegi secildi (toplam 9849 islemden)
  fvg       : 2 kazanan + 2 kaybeden + 1 breakeven ornegi secildi (toplam 2979 islemden)
  ifvg      : 2 kazanan + 2 kaybeden + 1 breakeven ornegi secildi (toplam 6154 islemden)
  trendline : 2 kazanan + 2 kaybeden + 0 breakeven ornegi secildi (toplam 794 islemden)

=== [69/101] PALLADIUM ===
  ob        : 2 kazanan + 2 kaybeden + 1 breakeven ornegi secildi (toplam 3485 islemden)
  fvg       : 2 kazanan + 2 kaybeden + 1 breakeven ornegi secildi (toplam 743 islemden)
  ifvg      : 2 kazanan + 2 kaybeden + 1 breakeven ornegi secildi (toplam 1288 islemden)
  trendline : 2 kazanan + 2 kaybeden + 0 breakeven ornegi secildi (toplam 221 islemden)

=== [70/101] PLATINUM ===
  ob        : 2 kazanan + 2 kaybeden + 1 breakeven ornegi secildi (toplam 4303 islemden)
  fvg       : 2 kazanan + 2 kaybeden + 1 breakeven ornegi secildi (toplam 1193 islemden)
  ifvg      : 2 kazanan + 2 kaybeden + 1 breakeven ornegi secildi (toplam 1977 islemden)
  trendline : 2 kazanan + 2 kaybeden + 0 breakeven ornegi secildi (toplam 238 islemden)

=== [71/101] SA40 ===
  ob        : 2 kazanan + 2 kaybeden + 1 breakeven ornegi secildi (toplam 1403 islemden)
  fvg       : 2 kazanan + 2 kaybeden + 1 breakeven ornegi secildi (toplam 339 islemden)
  ifvg      : 2 kazanan + 2 kaybeden + 1 breakeven ornegi secildi (toplam 995 islemden)
  trendline : 2 kazanan + 2 kaybeden + 0 breakeven ornegi secildi (toplam 87 islemden)

=== [72/101] SGDJPY ===
  ob        : 2 kazanan + 2 kaybeden + 1 breakeven ornegi secildi (toplam 9962 islemden)
  fvg       : 2 kazanan + 2 kaybeden + 1 breakeven ornegi secildi (toplam 2448 islemden)
  ifvg      : 2 kazanan + 2 kaybeden + 1 breakeven ornegi secildi (toplam 4777 islemden)
  trendline : 2 kazanan + 2 kaybeden + 0 breakeven ornegi secildi (toplam 1023 islemden)

=== [73/101] SILVER ===
  ob        : 2 kazanan + 2 kaybeden + 1 breakeven ornegi secildi (toplam 9247 islemden)
  fvg       : 2 kazanan + 2 kaybeden + 1 breakeven ornegi secildi (toplam 2356 islemden)
  ifvg      : 2 kazanan + 2 kaybeden + 1 breakeven ornegi secildi (toplam 3693 islemden)
  trendline : 2 kazanan + 2 kaybeden + 0 breakeven ornegi secildi (toplam 551 islemden)

=== [74/101] SING30 ===
  ob        : 2 kazanan + 2 kaybeden + 1 breakeven ornegi secildi (toplam 2607 islemden)
  fvg       : 2 kazanan + 2 kaybeden + 1 breakeven ornegi secildi (toplam 681 islemden)
  ifvg      : 2 kazanan + 2 kaybeden + 1 breakeven ornegi secildi (toplam 1341 islemden)
  trendline : 2 kazanan + 2 kaybeden + 0 breakeven ornegi secildi (toplam 159 islemden)

=== [75/101] SOLUSD ===
  ob        : 2 kazanan + 2 kaybeden + 1 breakeven ornegi secildi (toplam 4411 islemden)
  ifvg      : 2 kazanan + 2 kaybeden + 1 breakeven ornegi secildi (toplam 2371 islemden)
  fvg       : 2 kazanan + 2 kaybeden + 1 breakeven ornegi secildi (toplam 1523 islemden)
  trendline : 2 kazanan + 2 kaybeden + 0 breakeven ornegi secildi (toplam 365 islemden)

=== [76/101] SPAIN35 ===
  ob        : 2 kazanan + 2 kaybeden + 1 breakeven ornegi secildi (toplam 2364 islemden)
  ifvg      : 2 kazanan + 2 kaybeden + 1 breakeven ornegi secildi (toplam 1668 islemden)
  fvg       : 2 kazanan + 2 kaybeden + 1 breakeven ornegi secildi (toplam 816 islemden)
  trendline : 2 kazanan + 2 kaybeden + 0 breakeven ornegi secildi (toplam 224 islemden)

=== [77/101] SWI20 ===
  ifvg      : 2 kazanan + 2 kaybeden + 1 breakeven ornegi secildi (toplam 2038 islemden)
  ob        : 2 kazanan + 2 kaybeden + 1 breakeven ornegi secildi (toplam 2712 islemden)
  fvg       : 2 kazanan + 2 kaybeden + 1 breakeven ornegi secildi (toplam 987 islemden)
  trendline : 2 kazanan + 2 kaybeden + 0 breakeven ornegi secildi (toplam 255 islemden)

=== [78/101] TAIWAN ===
  ifvg      : 2 kazanan + 2 kaybeden + 1 breakeven ornegi secildi (toplam 1182 islemden)
  ob        : 2 kazanan + 2 kaybeden + 1 breakeven ornegi secildi (toplam 2606 islemden)
  fvg       : 2 kazanan + 2 kaybeden + 1 breakeven ornegi secildi (toplam 596 islemden)
  trendline : 2 kazanan + 2 kaybeden + 0 breakeven ornegi secildi (toplam 145 islemden)

=== [79/101] UK100 ===
  ob        : 2 kazanan + 2 kaybeden + 1 breakeven ornegi secildi (toplam 6028 islemden)
  ifvg      : 2 kazanan + 2 kaybeden + 1 breakeven ornegi secildi (toplam 3175 islemden)
  fvg       : 2 kazanan + 2 kaybeden + 1 breakeven ornegi secildi (toplam 1742 islemden)
  trendline : 2 kazanan + 2 kaybeden + 0 breakeven ornegi secildi (toplam 455 islemden)

=== [80/101] UNIUSD ===
  ob        : 2 kazanan + 2 kaybeden + 1 breakeven ornegi secildi (toplam 3910 islemden)
  ifvg      : 2 kazanan + 2 kaybeden + 1 breakeven ornegi secildi (toplam 2164 islemden)
  fvg       : 2 kazanan + 2 kaybeden + 1 breakeven ornegi secildi (toplam 1208 islemden)
  trendline : 2 kazanan + 2 kaybeden + 0 breakeven ornegi secildi (toplam 413 islemden)

=== [81/101] US2000 ===
  ob        : 2 kazanan + 2 kaybeden + 1 breakeven ornegi secildi (toplam 7919 islemden)
  ifvg      : 2 kazanan + 2 kaybeden + 1 breakeven ornegi secildi (toplam 2867 islemden)
  fvg       : 2 kazanan + 2 kaybeden + 1 breakeven ornegi secildi (toplam 1647 islemden)
  trendline : 2 kazanan + 2 kaybeden + 0 breakeven ornegi secildi (toplam 251 islemden)

=== [82/101] US30 ===
  ob        : 2 kazanan + 2 kaybeden + 1 breakeven ornegi secildi (toplam 9317 islemden)
  ifvg      : 2 kazanan + 2 kaybeden + 1 breakeven ornegi secildi (toplam 3367 islemden)
  fvg       : 2 kazanan + 2 kaybeden + 1 breakeven ornegi secildi (toplam 2465 islemden)
  trendline : 2 kazanan + 2 kaybeden + 0 breakeven ornegi secildi (toplam 377 islemden)

=== [83/101] US500 ===
  ob        : 2 kazanan + 2 kaybeden + 1 breakeven ornegi secildi (toplam 6479 islemden)
  fvg       : 2 kazanan + 2 kaybeden + 1 breakeven ornegi secildi (toplam 1730 islemden)
  ifvg      : 2 kazanan + 2 kaybeden + 1 breakeven ornegi secildi (toplam 2895 islemden)
  trendline : 2 kazanan + 2 kaybeden + 0 breakeven ornegi secildi (toplam 288 islemden)

=== [84/101] USDCAD ===
  ob        : 2 kazanan + 2 kaybeden + 1 breakeven ornegi secildi (toplam 12936 islemden)
  ifvg      : 2 kazanan + 2 kaybeden + 1 breakeven ornegi secildi (toplam 5914 islemden)
  trendline : 2 kazanan + 2 kaybeden + 0 breakeven ornegi secildi (toplam 716 islemden)
  fvg       : 2 kazanan + 2 kaybeden + 1 breakeven ornegi secildi (toplam 3718 islemden)

=== [85/101] USDCHF ===
  ob        : 2 kazanan + 2 kaybeden + 1 breakeven ornegi secildi (toplam 15130 islemden)
  fvg       : 2 kazanan + 2 kaybeden + 1 breakeven ornegi secildi (toplam 3637 islemden)
  ifvg      : 2 kazanan + 2 kaybeden + 1 breakeven ornegi secildi (toplam 5753 islemden)
  trendline : 2 kazanan + 2 kaybeden + 0 breakeven ornegi secildi (toplam 770 islemden)

=== [86/101] USDCNH ===
  ob        : 2 kazanan + 2 kaybeden + 1 breakeven ornegi secildi (toplam 7450 islemden)
  fvg       : 2 kazanan + 2 kaybeden + 1 breakeven ornegi secildi (toplam 1791 islemden)
  ifvg      : 2 kazanan + 2 kaybeden + 1 breakeven ornegi secildi (toplam 3425 islemden)
  trendline : 2 kazanan + 2 kaybeden + 0 breakeven ornegi secildi (toplam 598 islemden)

=== [87/101] USDDKK ===
  ob        : 2 kazanan + 2 kaybeden + 1 breakeven ornegi secildi (toplam 14278 islemden)
  fvg       : 2 kazanan + 2 kaybeden + 1 breakeven ornegi secildi (toplam 3860 islemden)
  ifvg      : 2 kazanan + 2 kaybeden + 1 breakeven ornegi secildi (toplam 5524 islemden)
  trendline : 2 kazanan + 2 kaybeden + 0 breakeven ornegi secildi (toplam 645 islemden)

=== [88/101] USDHKD ===
  ob        : 2 kazanan + 2 kaybeden + 1 breakeven ornegi secildi (toplam 4165 islemden)
  ifvg      : 2 kazanan + 2 kaybeden + 1 breakeven ornegi secildi (toplam 1843 islemden)
  fvg       : 2 kazanan + 2 kaybeden + 1 breakeven ornegi secildi (toplam 604 islemden)
  trendline : 2 kazanan + 2 kaybeden + 0 breakeven ornegi secildi (toplam 399 islemden)

=== [89/101] USDHUF ===
  ob        : 2 kazanan + 2 kaybeden + 1 breakeven ornegi secildi (toplam 11472 islemden)
  ifvg      : 2 kazanan + 2 kaybeden + 1 breakeven ornegi secildi (toplam 3992 islemden)
  fvg       : 2 kazanan + 2 kaybeden + 1 breakeven ornegi secildi (toplam 2785 islemden)
  trendline : 2 kazanan + 2 kaybeden + 0 breakeven ornegi secildi (toplam 592 islemden)

=== [90/101] USDJPY ===
  ob        : 2 kazanan + 2 kaybeden + 1 breakeven ornegi secildi (toplam 4272 islemden)
  ifvg      : 2 kazanan + 2 kaybeden + 1 breakeven ornegi secildi (toplam 1906 islemden)
  fvg       : 2 kazanan + 2 kaybeden + 1 breakeven ornegi secildi (toplam 1191 islemden)
  trendline : 2 kazanan + 2 kaybeden + 0 breakeven ornegi secildi (toplam 215 islemden)

=== [91/101] USDMXN ===
  ob        : 2 kazanan + 2 kaybeden + 1 breakeven ornegi secildi (toplam 14698 islemden)
  ifvg      : 2 kazanan + 2 kaybeden + 1 breakeven ornegi secildi (toplam 5636 islemden)
  fvg       : 2 kazanan + 2 kaybeden + 1 breakeven ornegi secildi (toplam 3766 islemden)
  trendline : 2 kazanan + 2 kaybeden + 0 breakeven ornegi secildi (toplam 548 islemden)

=== [92/101] USDNOK ===
  ob        : 2 kazanan + 2 kaybeden + 1 breakeven ornegi secildi (toplam 15769 islemden)
  fvg       : 2 kazanan + 2 kaybeden + 1 breakeven ornegi secildi (toplam 3103 islemden)
  ifvg      : 2 kazanan + 2 kaybeden + 1 breakeven ornegi secildi (toplam 5253 islemden)
  trendline : 2 kazanan + 2 kaybeden + 0 breakeven ornegi secildi (toplam 831 islemden)

=== [93/101] USDPLN ===
  ob        : 2 kazanan + 2 kaybeden + 1 breakeven ornegi secildi (toplam 12917 islemden)
  trendline : 2 kazanan + 2 kaybeden + 0 breakeven ornegi secildi (toplam 699 islemden)
  fvg       : 2 kazanan + 2 kaybeden + 1 breakeven ornegi secildi (toplam 3012 islemden)
  ifvg      : 2 kazanan + 2 kaybeden + 1 breakeven ornegi secildi (toplam 4435 islemden)

=== [94/101] USDSEK ===
  ob        : 2 kazanan + 2 kaybeden + 1 breakeven ornegi secildi (toplam 15500 islemden)
  fvg       : 2 kazanan + 2 kaybeden + 1 breakeven ornegi secildi (toplam 3261 islemden)
  ifvg      : 2 kazanan + 2 kaybeden + 1 breakeven ornegi secildi (toplam 5554 islemden)
  trendline : 2 kazanan + 2 kaybeden + 0 breakeven ornegi secildi (toplam 811 islemden)

=== [95/101] USDSGD ===
  ob        : 2 kazanan + 2 kaybeden + 1 breakeven ornegi secildi (toplam 9268 islemden)
  fvg       : 2 kazanan + 2 kaybeden + 1 breakeven ornegi secildi (toplam 2609 islemden)
  ifvg      : 2 kazanan + 2 kaybeden + 1 breakeven ornegi secildi (toplam 5468 islemden)
  trendline : 2 kazanan + 2 kaybeden + 0 breakeven ornegi secildi (toplam 653 islemden)

=== [96/101] USDTRY ===
  ob        : 2 kazanan + 2 kaybeden + 1 breakeven ornegi secildi (toplam 11420 islemden)
  fvg       : 2 kazanan + 2 kaybeden + 1 breakeven ornegi secildi (toplam 2151 islemden)
  ifvg      : 2 kazanan + 2 kaybeden + 1 breakeven ornegi secildi (toplam 3295 islemden)
  trendline : 2 kazanan + 2 kaybeden + 0 breakeven ornegi secildi (toplam 271 islemden)

=== [97/101] USDZAR ===
  ob        : 2 kazanan + 2 kaybeden + 1 breakeven ornegi secildi (toplam 13669 islemden)
  ifvg      : 2 kazanan + 2 kaybeden + 1 breakeven ornegi secildi (toplam 5231 islemden)
  fvg       : 2 kazanan + 2 kaybeden + 1 breakeven ornegi secildi (toplam 3161 islemden)
  trendline : 2 kazanan + 2 kaybeden + 0 breakeven ornegi secildi (toplam 480 islemden)

=== [98/101] USFANG ===
  ob        : 2 kazanan + 2 kaybeden + 1 breakeven ornegi secildi (toplam 207 islemden)
  ifvg      : 2 kazanan + 2 kaybeden + 1 breakeven ornegi secildi (toplam 90 islemden)
  fvg       : 2 kazanan + 2 kaybeden + 1 breakeven ornegi secildi (toplam 46 islemden)
  trendline : 0 kazanan + 1 kaybeden + 0 breakeven ornegi secildi (toplam 1 islemden)

=== [99/101] WTI ===
  ob        : 2 kazanan + 2 kaybeden + 1 breakeven ornegi secildi (toplam 6459 islemden)
  fvg       : 2 kazanan + 2 kaybeden + 1 breakeven ornegi secildi (toplam 1869 islemden)
  ifvg      : 2 kazanan + 2 kaybeden + 1 breakeven ornegi secildi (toplam 3058 islemden)
  trendline : 2 kazanan + 2 kaybeden + 0 breakeven ornegi secildi (toplam 367 islemden)

=== [100/101] XLMUSD ===
  fvg       : 2 kazanan + 2 kaybeden + 1 breakeven ornegi secildi (toplam 1275 islemden)
  ob        : 2 kazanan + 2 kaybeden + 1 breakeven ornegi secildi (toplam 4699 islemden)
  ifvg      : 2 kazanan + 2 kaybeden + 1 breakeven ornegi secildi (toplam 2740 islemden)
  trendline : 2 kazanan + 2 kaybeden + 0 breakeven ornegi secildi (toplam 436 islemden)

=== [101/101] XRPUSD ===
  ob        : 2 kazanan + 2 kaybeden + 1 breakeven ornegi secildi (toplam 7853 islemden)
  ifvg      : 2 kazanan + 2 kaybeden + 1 breakeven ornegi secildi (toplam 3484 islemden)
  fvg       : 2 kazanan + 2 kaybeden + 1 breakeven ornegi secildi (toplam 1794 islemden)
  trendline : 2 kazanan + 2 kaybeden + 0 breakeven ornegi secildi (toplam 587 islemden)

TAMAMLANDI. webapp/data_module_examples.json yazildi.
  fvg: 519 ornek
  ifvg: 522 ornek
  ob: 521 ornek
  trendline: 411 ornek
