toplam 101 sembol bulundu
onceden tamamlanmis 2 sembol atlanacak: ['ADAUSD', 'ATOMUSD']
[3/101] AUDCAD: n_candles=201009 n_sig=17523 | portfoy: taken=101 win=18.8% exp=-0.0580 taken_by_mod={'ifvg': 33, 'ob': 51, 'fvg': 14, 'trendline': 3} (347.9s)
[4/101] AUDCHF: n_candles=201030 n_sig=19101 | portfoy: taken=111 win=20.7% exp=-0.1691 taken_by_mod={'ob': 66, 'fvg': 16, 'trendline': 2, 'ifvg': 27} (344.3s)
[5/101] AUDJPY: n_candles=202348 n_sig=20118 | portfoy: taken=122 win=31.1% exp=+0.1449 taken_by_mod={'ob': 63, 'ifvg': 38, 'fvg': 19, 'trendline': 2} (322.6s)
[6/101] AUDNZD: n_candles=200740 n_sig=16299 | portfoy: taken=109 win=28.4% exp=+0.1614 taken_by_mod={'ob': 62, 'fvg': 19, 'trendline': 3, 'ifvg': 25} (249.0s)
[7/101] AUDUSD: n_candles=198445 n_sig=20742 | portfoy: taken=79 win=27.9% exp=+0.1271 taken_by_mod={'fvg': 13, 'ifvg': 20, 'ob': 45, 'trendline': 1} (412.2s)
[8/101] AUS200: n_candles=63958 n_sig=7711 | portfoy: taken=72 win=30.6% exp=+0.1385 taken_by_mod={'ifvg': 30, 'fvg': 15, 'ob': 27} (139.3s)
[9/101] AVAXUSD: n_candles=66425 n_sig=7734 | portfoy: taken=59 win=30.5% exp=+0.2034 taken_by_mod={'ob': 35, 'fvg': 13, 'ifvg': 11} (107.8s)
[10/101] BCHUSD: n_candles=120787 n_sig=13499 | portfoy: taken=58 win=20.7% exp=-0.0498 taken_by_mod={'fvg': 5, 'ob': 44, 'ifvg': 8, 'trendline': 1} (158.1s)
[11/101] BRENT: n_candles=76950 n_sig=9850 | portfoy: taken=57 win=17.5% exp=-0.0365 taken_by_mod={'ob': 33, 'ifvg': 15, 'fvg': 7, 'trendline': 2} (91.0s)
[12/101] BTCUSD: n_candles=129398 n_sig=14097 | portfoy: taken=79 win=17.7% exp=-0.1547 taken_by_mod={'fvg': 12, 'ob': 51, 'ifvg': 15, 'trendline': 1} (137.1s)
[13/101] CA60: n_candles=27100 n_sig=3389 | portfoy: taken=45 win=20.0% exp=-0.1305 taken_by_mod={'ob': 22, 'ifvg': 11, 'fvg': 12} (23.3s)
[14/101] CADCHF: n_candles=199377 n_sig=23013 | portfoy: taken=78 win=32.0% exp=+0.2788 taken_by_mod={'ob': 39, 'fvg': 17, 'ifvg': 21, 'trendline': 1} (231.8s)
[15/101] CADJPY: n_candles=201774 n_sig=21159 | portfoy: taken=135 win=17.0% exp=-0.2485 taken_by_mod={'ob': 72, 'ifvg': 38, 'fvg': 25} (219.7s)
[16/101] CHFJPY: n_candles=201556 n_sig=20243 | portfoy: taken=42 win=23.8% exp=+0.0354 taken_by_mod={'ob': 26, 'fvg': 7, 'ifvg': 9} (220.2s)
[17/101] CHFSGD: n_candles=142131 n_sig=13492 | portfoy: taken=78 win=21.8% exp=-0.1041 taken_by_mod={'ob': 53, 'fvg': 8, 'trendline': 3, 'ifvg': 14} (152.5s)
[18/101] CHINAH: n_candles=45974 n_sig=7479 | portfoy: taken=80 win=20.0% exp=-0.1024 taken_by_mod={'ifvg': 16, 'ob': 52, 'fvg': 12} (45.9s)
[19/101] CHN50: n_candles=76295 n_sig=13793 | portfoy: taken=62 win=19.4% exp=-0.1121 taken_by_mod={'ifvg': 11, 'ob': 43, 'fvg': 8} (94.2s)
[20/101] DOGEUSD: n_candles=86003 n_sig=9118 | portfoy: taken=45 win=28.9% exp=+0.1939 taken_by_mod={'ob': 28, 'ifvg': 14, 'fvg': 3} (84.3s)
[21/101] DOTUSD: n_candles=84122 n_sig=8389 | portfoy: taken=65 win=20.0% exp=-0.2117 taken_by_mod={'ifvg': 18, 'ob': 34, 'fvg': 13} (86.2s)
[22/101] ETCUSD: n_candles=118827 n_sig=12812 | portfoy: taken=92 win=18.5% exp=-0.1491 taken_by_mod={'trendline': 3, 'ob': 47, 'ifvg': 40, 'fvg': 2} (136.5s)
[23/101] ETHUSD: n_candles=133477 n_sig=14366 | portfoy: taken=144 win=17.4% exp=-0.2317 taken_by_mod={'ob': 95, 'ifvg': 31, 'fvg': 17, 'trendline': 1} (140.2s)
[24/101] EU50: n_candles=43537 n_sig=5154 | portfoy: taken=76 win=26.3% exp=+0.1088 taken_by_mod={'ob': 41, 'fvg': 13, 'ifvg': 20, 'trendline': 2} (61.7s)
[25/101] EURAUD: n_candles=202556 n_sig=18982 | portfoy: taken=169 win=26.6% exp=+0.1466 taken_by_mod={'ob': 97, 'ifvg': 40, 'fvg': 31, 'trendline': 1} (217.5s)
[26/101] EURCAD: n_candles=202075 n_sig=22920 | portfoy: taken=91 win=24.2% exp=+0.1724 taken_by_mod={'ob': 50, 'fvg': 13, 'ifvg': 28} (216.9s)
[27/101] EURCHF: n_candles=197334 n_sig=22805 | portfoy: taken=81 win=18.5% exp=-0.2645 taken_by_mod={'fvg': 14, 'ob': 53, 'ifvg': 13, 'trendline': 1} (239.2s)
[28/101] EURDKK: n_candles=38708 n_sig=5485 | portfoy: taken=41 win=9.8% exp=-0.3318 taken_by_mod={'ob': 30, 'trendline': 3, 'fvg': 5, 'ifvg': 3} (86.7s)
[29/101] EURGBP: n_candles=200306 n_sig=25948 | portfoy: taken=158 win=25.9% exp=+0.1186 taken_by_mod={'ob': 96, 'fvg': 28, 'ifvg': 31, 'trendline': 3} (228.8s)
[30/101] EURHKD: n_candles=186916 n_sig=23457 | portfoy: taken=161 win=24.2% exp=+0.0269 taken_by_mod={'fvg': 31, 'ob': 94, 'ifvg': 36} (224.7s)
[31/101] EURHUF: n_candles=112007 n_sig=18188 | portfoy: taken=68 win=26.5% exp=+0.0195 taken_by_mod={'ob': 42, 'fvg': 8, 'ifvg': 17, 'trendline': 1} (162.1s)
[32/101] EURJPY: n_candles=202861 n_sig=21936 | portfoy: taken=41 win=21.9% exp=+0.0376 taken_by_mod={'ob': 26, 'fvg': 9, 'ifvg': 5, 'trendline': 1} (233.8s)
[33/101] EURNOK: n_candles=649 n_sig=67 | portfoy: taken=4 win=25.0% exp=-0.0801 taken_by_mod={'ifvg': 1, 'ob': 3} (0.8s)
[34/101] EURNZD: n_candles=201663 n_sig=18537 | portfoy: taken=150 win=20.0% exp=-0.0145 taken_by_mod={'ob': 84, 'ifvg': 46, 'trendline': 3, 'fvg': 17} (208.9s)
[35/101] EURPLN: n_candles=106888 n_sig=16792 | portfoy: taken=44 win=25.0% exp=+0.1847 taken_by_mod={'ob': 29, 'ifvg': 11, 'fvg': 4} (157.1s)
[36/101] EURSEK: n_candles=150588 n_sig=21406 | portfoy: taken=67 win=16.4% exp=-0.2430 taken_by_mod={'ob': 34, 'ifvg': 12, 'fvg': 19, 'trendline': 2} (183.9s)
[37/101] EURSGD: n_candles=143982 n_sig=13706 | portfoy: taken=87 win=25.3% exp=+0.0750 taken_by_mod={'ob': 48, 'fvg': 15, 'ifvg': 23, 'trendline': 1} (154.0s)
[38/101] EURTRY: n_candles=160212 n_sig=20146 | portfoy: taken=79 win=24.1% exp=+0.1395 taken_by_mod={'ob': 54, 'ifvg': 12, 'fvg': 13} (193.3s)
[39/101] EURUSD: n_candles=199010 n_sig=25483 | portfoy: taken=119 win=24.4% exp=-0.0509 taken_by_mod={'fvg': 28, 'ob': 62, 'ifvg': 27, 'trendline': 2} (243.1s)
[40/101] EURZAR: n_candles=141911 n_sig=18417 | portfoy: taken=99 win=19.2% exp=-0.0476 taken_by_mod={'ifvg': 18, 'ob': 61, 'fvg': 18, 'trendline': 2} (157.7s)
[41/101] FRA40: n_candles=64335 n_sig=7294 | portfoy: taken=118 win=19.5% exp=-0.0567 taken_by_mod={'ifvg': 25, 'fvg': 19, 'ob': 72, 'trendline': 2} (63.9s)
[42/101] GBPAUD: n_candles=202085 n_sig=19015 | portfoy: taken=203 win=24.1% exp=-0.0652 taken_by_mod={'ob': 112, 'fvg': 38, 'ifvg': 51, 'trendline': 2} (210.0s)
[43/101] GBPCAD: n_candles=200533 n_sig=23877 | portfoy: taken=67 win=23.9% exp=+0.0870 taken_by_mod={'ob': 36, 'fvg': 14, 'ifvg': 17} (259.2s)
[44/101] GBPCHF: n_candles=201580 n_sig=25094 | portfoy: taken=145 win=20.0% exp=-0.0734 taken_by_mod={'ob': 83, 'fvg': 28, 'trendline': 1, 'ifvg': 33} (246.6s)
[45/101] GBPDKK: n_candles=143576 n_sig=18024 | portfoy: taken=112 win=17.0% exp=-0.1917 taken_by_mod={'ob': 66, 'fvg': 18, 'ifvg': 26, 'trendline': 2} (174.3s)
[46/101] GBPJPY: n_candles=202694 n_sig=22073 | portfoy: taken=78 win=23.1% exp=-0.0604 taken_by_mod={'fvg': 20, 'ifvg': 21, 'ob': 36, 'trendline': 1} (250.7s)
[47/101] GBPNOK: n_candles=143752 n_sig=17940 | portfoy: taken=121 win=19.0% exp=-0.1341 taken_by_mod={'ifvg': 24, 'ob': 82, 'fvg': 14, 'trendline': 1} (174.0s)
[48/101] GBPNZD: n_candles=188391 n_sig=17936 | portfoy: taken=118 win=23.7% exp=+0.0775 taken_by_mod={'ob': 68, 'fvg': 25, 'ifvg': 23, 'trendline': 2} (221.9s)
[49/101] GBPSEK: n_candles=146008 n_sig=17942 | portfoy: taken=47 win=25.5% exp=+0.0442 taken_by_mod={'ob': 29, 'fvg': 6, 'trendline': 2, 'ifvg': 10} (170.9s)
[50/101] GBPSGD: n_candles=155075 n_sig=16280 | portfoy: taken=61 win=16.4% exp=-0.1708 taken_by_mod={'ob': 34, 'ifvg': 10, 'fvg': 14, 'trendline': 3} (182.4s)
[51/101] GBPUSD: n_candles=200231 n_sig=26056 | portfoy: taken=87 win=18.4% exp=-0.1383 taken_by_mod={'fvg': 21, 'ob': 46, 'ifvg': 19, 'trendline': 1} (266.9s)
[52/101] GER40: n_candles=87864 n_sig=12028 | portfoy: taken=79 win=20.2% exp=-0.2581 taken_by_mod={'ob': 40, 'fvg': 20, 'ifvg': 19} (114.5s)
[53/101] GERMID50: n_candles=16031 n_sig=2269 | portfoy: taken=48 win=31.2% exp=+0.3961 taken_by_mod={'ob': 24, 'ifvg': 16, 'fvg': 8} (21.5s)
[54/101] GERTECH30: n_candles=7792 n_sig=1162 | portfoy: taken=14 win=7.1% exp=-0.2232 taken_by_mod={'ob': 11, 'ifvg': 3} (17.7s)
[55/101] GOLD: n_candles=137317 n_sig=16993 | portfoy: taken=131 win=25.2% exp=-0.0090 taken_by_mod={'ifvg': 28, 'ob': 76, 'fvg': 25, 'trendline': 2} (159.2s)
[56/101] HK50: n_candles=66034 n_sig=10435 | portfoy: taken=99 win=22.2% exp=-0.0490 taken_by_mod={'ob': 62, 'ifvg': 23, 'fvg': 14} (71.7s)
[57/101] IT40: n_candles=39291 n_sig=4596 | portfoy: taken=54 win=25.9% exp=+0.1346 taken_by_mod={'fvg': 7, 'ob': 28, 'ifvg': 19} (44.6s)
[58/101] JP225: n_candles=70935 n_sig=9275 | portfoy: taken=92 win=26.1% exp=+0.0500 taken_by_mod={'ob': 46, 'fvg': 15, 'trendline': 2, 'ifvg': 29} (103.9s)
[59/101] LINKUSD: n_candles=71734 n_sig=8100 | portfoy: taken=35 win=25.7% exp=+0.0571 taken_by_mod={'ifvg': 12, 'ob': 16, 'fvg': 7} (83.2s)
[60/101] LTCUSD: n_candles=128333 n_sig=14393 | portfoy: taken=109 win=20.2% exp=-0.0991 taken_by_mod={'ifvg': 34, 'fvg': 19, 'ob': 55, 'trendline': 1} (151.4s)
[61/101] MATICUSD: n_candles=82655 n_sig=8904 | portfoy: taken=74 win=23.0% exp=-0.1459 taken_by_mod={'ifvg': 37, 'ob': 23, 'fvg': 13, 'trendline': 1} (90.7s)
[62/101] NASDAQ: n_candles=20672 n_sig=1849 | portfoy: taken=71 win=11.3% exp=-0.4079 taken_by_mod={'fvg': 12, 'ob': 37, 'ifvg': 22} (25.5s)
[63/101] NETH25: n_candles=60834 n_sig=6851 | portfoy: taken=78 win=24.4% exp=+0.1504 taken_by_mod={'ifvg': 28, 'ob': 37, 'fvg': 13} (67.9s)
[64/101] NZDCAD: n_candles=197052 n_sig=18242 | portfoy: taken=129 win=15.5% exp=-0.1957 taken_by_mod={'ifvg': 44, 'ob': 64, 'fvg': 20, 'trendline': 1} (233.2s)
[65/101] NZDCHF: n_candles=198848 n_sig=19037 | portfoy: taken=21 win=28.6% exp=+0.1429 taken_by_mod={'ob': 6, 'ifvg': 6, 'fvg': 8, 'trendline': 1} (238.5s)
[66/101] NZDJPY: n_candles=201742 n_sig=19424 | portfoy: taken=193 win=29.5% exp=+0.1930 taken_by_mod={'ifvg': 56, 'ob': 96, 'trendline': 7, 'fvg': 34} (244.0s)
[67/101] NZDSGD: n_candles=168674 n_sig=15130 | portfoy: taken=74 win=17.6% exp=-0.1953 taken_by_mod={'ob': 37, 'fvg': 17, 'ifvg': 20} (211.2s)
[68/101] NZDUSD: n_candles=195559 n_sig=20153 | portfoy: taken=149 win=20.8% exp=-0.1176 taken_by_mod={'ob': 71, 'ifvg': 48, 'fvg': 27, 'trendline': 3} (296.4s)
[69/101] PALLADIUM: n_candles=40182 n_sig=6089 | portfoy: taken=34 win=41.2% exp=+0.3393 taken_by_mod={'ob': 15, 'fvg': 4, 'ifvg': 15} (67.2s)
[70/101] PLATINUM: n_candles=62534 n_sig=7995 | portfoy: taken=61 win=21.3% exp=-0.1588 taken_by_mod={'ob': 42, 'fvg': 6, 'ifvg': 13} (107.2s)
[71/101] SA40: n_candles=27811 n_sig=2984 | portfoy: taken=37 win=24.3% exp=-0.0101 taken_by_mod={'fvg': 9, 'ob': 19, 'ifvg': 8, 'trendline': 1} (34.3s)
[72/101] SGDJPY: n_candles=190026 n_sig=18518 | portfoy: taken=139 win=28.8% exp=+0.1406 taken_by_mod={'ob': 79, 'trendline': 3, 'ifvg': 42, 'fvg': 15} (254.4s)
[73/101] SILVER: n_candles=121164 n_sig=16188 | portfoy: taken=39 win=28.2% exp=+0.0903 taken_by_mod={'ob': 22, 'fvg': 5, 'ifvg': 12} (158.1s)
[74/101] SING30: n_candles=33771 n_sig=5018 | portfoy: taken=27 win=37.0% exp=+0.5633 taken_by_mod={'ob': 19, 'ifvg': 4, 'fvg': 3, 'trendline': 1} (52.4s)
[75/101] SOLUSD: n_candles=80918 n_sig=8990 | portfoy: taken=89 win=18.0% exp=-0.1959 taken_by_mod={'ob': 46, 'fvg': 19, 'ifvg': 21, 'trendline': 3} (87.8s)
[76/101] SPAIN35: n_candles=44164 n_sig=5215 | portfoy: taken=68 win=30.9% exp=+0.2681 taken_by_mod={'ob': 38, 'fvg': 10, 'ifvg': 20} (50.9s)
[77/101] SWI20: n_candles=54966 n_sig=6193 | portfoy: taken=61 win=24.6% exp=-0.0612 taken_by_mod={'ob': 30, 'ifvg': 20, 'fvg': 11} (65.3s)
[78/101] TAIWAN: n_candles=32475 n_sig=4751 | portfoy: taken=78 win=21.8% exp=-0.0264 taken_by_mod={'ifvg': 21, 'fvg': 16, 'ob': 39, 'trendline': 2} (35.3s)
[79/101] UK100: n_candles=90907 n_sig=11723 | portfoy: taken=84 win=27.4% exp=-0.0124 taken_by_mod={'ob': 41, 'fvg': 20, 'ifvg': 23} (117.0s)
[80/101] UNIUSD: n_candles=67086 n_sig=8052 | portfoy: taken=62 win=16.1% exp=-0.3860 taken_by_mod={'ob': 31, 'fvg': 15, 'ifvg': 16} (89.4s)
[81/101] US2000: n_candles=87738 n_sig=13148 | portfoy: taken=43 win=23.3% exp=+0.0586 taken_by_mod={'ob': 22, 'fvg': 6, 'ifvg': 14, 'trendline': 1} (116.7s)
[82/101] US30: n_candles=106270 n_sig=15878 | portfoy: taken=82 win=23.2% exp=+0.0394 taken_by_mod={'ob': 53, 'ifvg': 19, 'fvg': 10} (128.3s)
[83/101] US500: n_candles=83095 n_sig=11752 | portfoy: taken=91 win=26.4% exp=+0.0674 taken_by_mod={'ob': 45, 'fvg': 23, 'ifvg': 22, 'trendline': 1} (113.0s)
[84/101] USDCAD: n_candles=196867 n_sig=23722 | portfoy: taken=111 win=25.2% exp=-0.0389 taken_by_mod={'ob': 53, 'ifvg': 25, 'fvg': 31, 'trendline': 2} (279.5s)
[85/101] USDCHF: n_candles=196458 n_sig=25711 | portfoy: taken=102 win=22.6% exp=+0.0590 taken_by_mod={'ob': 46, 'fvg': 19, 'ifvg': 37} (248.4s)
[86/101] USDCNH: n_candles=109288 n_sig=13602 | portfoy: taken=69 win=33.3% exp=+0.3594 taken_by_mod={'ob': 39, 'fvg': 9, 'ifvg': 21} (129.7s)
[87/101] USDDKK: n_candles=198036 n_sig=24721 | portfoy: taken=171 win=23.4% exp=-0.0491 taken_by_mod={'ob': 94, 'ifvg': 47, 'fvg': 29, 'trendline': 1} (230.2s)
[88/101] USDHKD: n_candles=47146 n_sig=7346 | portfoy: taken=38 win=21.1% exp=-0.0659 taken_by_mod={'ifvg': 14, 'fvg': 3, 'ob': 20, 'trendline': 1} (120.6s)
[89/101] USDHUF: n_candles=132896 n_sig=19294 | portfoy: taken=93 win=23.7% exp=-0.0247 taken_by_mod={'ob': 58, 'fvg': 19, 'ifvg': 14, 'trendline': 2} (162.3s)
[90/101] USDJPY: n_candles=68032 n_sig=7902 | portfoy: taken=110 win=30.0% exp=+0.0688 taken_by_mod={'ob': 53, 'ifvg': 36, 'fvg': 21} (65.5s)
[91/101] USDMXN: n_candles=162959 n_sig=25216 | portfoy: taken=137 win=23.4% exp=-0.0073 taken_by_mod={'ob': 72, 'ifvg': 45, 'fvg': 20} (233.7s)
[92/101] USDNOK: n_candles=197086 n_sig=25438 | portfoy: taken=86 win=29.1% exp=+0.1568 taken_by_mod={'fvg': 17, 'ob': 52, 'ifvg': 17} (238.5s)
[93/101] USDPLN: n_candles=153116 n_sig=21488 | portfoy: taken=64 win=20.3% exp=-0.0919 taken_by_mod={'ob': 33, 'fvg': 12, 'ifvg': 19} (178.1s)
[94/101] USDSEK: n_candles=198403 n_sig=25581 | portfoy: taken=121 win=19.8% exp=-0.1554 taken_by_mod={'fvg': 24, 'ob': 61, 'ifvg': 36} (239.0s)
[95/101] USDSGD: n_candles=163045 n_sig=18342 | portfoy: taken=66 win=16.7% exp=-0.2315 taken_by_mod={'ob': 39, 'ifvg': 17, 'fvg': 9, 'trendline': 1} (223.7s)
[96/101] USDTRY: n_candles=113508 n_sig=17732 | portfoy: taken=93 win=29.0% exp=+0.3238 taken_by_mod={'ob': 67, 'fvg': 12, 'ifvg': 13, 'trendline': 1} (184.0s)
[97/101] USDZAR: n_candles=155929 n_sig=23140 | portfoy: taken=64 win=17.2% exp=-0.1089 taken_by_mod={'ob': 34, 'ifvg': 14, 'fvg': 15, 'trendline': 1} (233.6s)
[98/101] USFANG: n_candles=4082 n_sig=386 | portfoy: taken=25 win=24.0% exp=+0.0027 taken_by_mod={'ob': 16, 'ifvg': 7, 'fvg': 2} (3.1s)
[99/101] WTI: n_candles=86417 n_sig=12016 | portfoy: taken=77 win=29.9% exp=+0.1499 taken_by_mod={'ob': 33, 'ifvg': 23, 'fvg': 20, 'trendline': 1} (100.1s)
[100/101] XLMUSD: n_candles=88970 n_sig=9405 | portfoy: taken=52 win=15.4% exp=-0.2667 taken_by_mod={'fvg': 10, 'ifvg': 19, 'ob': 20, 'trendline': 3} (85.3s)
[101/101] XRPUSD: n_candles=124459 n_sig=14019 | portfoy: taken=27 win=11.1% exp=-0.4618 taken_by_mod={'ob': 17, 'ifvg': 6, 'trendline': 1, 'fvg': 3} (138.5s)

TAMAMLANDI. module_diagnostic_full_universe_results.json yazildi.
